0.0001,0.3830872198217106
0.1,0.44830618287948515
0.2,0.5423008876325085
0.3,0.6795461959288501
0.4,0.8883331617288915
0.5,1.221694885393177
0.6,1.7852246267887595
0.7,2.7840158046862395
0.8,4.767426661930559
0.9,9.254118812797232
1.0,20.784666547042992
1.1,55.13165227362859
1.2,175.6628861052027
1.3,687.978885534685
1.4,3427.1486713852155
1.5,21837.34666580399
1.6,199404.40304594688
1.7,2834252.2814310417
1.8,65827502.13021778
[19 19 19 20 20 20 20 20 20 20 21 21 21 21 21 21 22 22 22 22 22 22 22 23
 23 23 23 23 23 24 24 24 24 24 24 24 25 25 25 25 25 25 26 26 26 26 26 26
 26 27 27 27 27 27 27 28 28 28 28 28 28 28 28 29 29 29 29 29 29 30 30 30
 30 30 30 30 31 31 31 31 31 31 32 32 32 32 32 32 32 33 33 33 33 33 33 34
 34 34 34 34 34 34 35 35 35 35 35 35 36 36 15 16 16 16 16 16 16 16 17 17
 17 17 17 17 18 18 18 18 18 18 18 19 19 19 19 19 19 20 20 20 20 20 20 20
 21 21 21 21 21 21 22 22 22 22 22 22 22 23 23 23 23 23 23 24 24 24 24 24
 24 24 25 25 25 25 25 25 25 26 26 26 26 26 26 26 27 27 27 27 27 27 28 28
 28 28 28 28 28 29 29 29 29 29 29 30 30 30 30 30 30 30 31 31 31 31 31 31
 32 32 32 32 32 32 32 33 33 33 33 33 33 34 34 34 34 34 34 34 35 35 35 35
 35 35 36 36 36 36 36 36 12 12 12 12 12 12 13 13 13 13 13 13 13 14 14 14
 14 14 14 15 15 15 15 15 15 15 16 16 16 16 16 16 17 17 17 17 17 17 17 18
 18 18 18 18 18 19 19 19 19 19 19 19 20 20 20 20 20 20 21 21 21 21 21 21
 21 22 22 22 22 22 22 22 23 23 23 23 23 23 23 24 24 24 24 24 24 25 25 25
 25 25 25 25 26 26 26 26 26 26 27 27 27 27 27 27 27 28 28 28 28 28 28 29
 29 29 29 29 29 29 30 30 30 30 30 30 31 31 31 31 31 31 31 32 32 32 32 32
 32 33 33 33 33 33 33 33 34 34 34 34 34 34 35 35 35 35 35 35 35 36 36 36
 36 36 36 37  5  5  6  6  6  6  6  6  7  7  7  7  7  7  7  8  8  8  8  8
  8  9  9  9  9  9  9  9 10 10 10 10 10 10 11 11 11 11 11 11 11 12 12 12
 12 12 12 13 13 13 13 13 13 13 14 14 14 14 14 14 15 15 15 15 15 15 15 16
 16 16 16 16 16 17 17 17 17 17 17 17 17 18 18 18 18 18 18 19 19 19 19 19
 19 19 20 20 20 20 20 20 21 21 21 21 21 21 21 22 22 22 22 22 22 23 23 23
 23 23 23 23 24 24 24 24 24 24 25 25 25 25 25 25 25 26 26 26 26 26 26 27
 27 27 27 27 27 27 28 28 28 28 28 28 29 29 29 29 29 29 29 30 30 30 30 30
 30 31 31 31 31 31 31 31 32 32 32 32 32 32 32 33 33 33 33 33 33 34 34 34
 34 34 34 34 35 35 35 35 35 35 36 36 36  0  1  1  1  1  1  1  2  2  2  2
  2  2  2  3  3  3  3  3  3  4  4  4  4  4  4  4  5  5  5  5  5  5  6  6
  6  6  6  6  6  7  7  7  7  7  7  8  8  8  8  8  8  8  9  9  9  9  9  9
 10 10 10 10 10 10 10 11 11 11 11 11 11 12 12 12 12 12 12 12 12 13 13 13
 13 13 13 14 14 14 14 14 14 14 15 15 15 15 15 15 16 16 16 16 16 16 16 17
 17 17 17 17 17 18 18 18 18 18 18 18 19 19 19 19 19 19 20 20 20 20 20 20
 20 21 21 21 21 21 21 22 22 22 22 22 22 22 23 23 23 23 23 23 24 24 24 24
 24 24 24 25 25 25 25 25 25 26 26 26 26 26 26 26 27 27 27 27 27 27 28 28
 28 28 28 28 28 29 29 29 29 29 29 30 30 30 30 30 30 30 31]
36
