Device:  NVIDIA GeForce RTX 4070 Laptop GPU
Fri Nov  7 16:00:25 2025
beta = 1.0  sim_max_time = 100.0  num_runs = 4
  Equbriliation (0)
Fri Nov  7 16:00:26 2025
     steps    u    -0.5*u/beta
Eqb:  32 -1.9104115597826246 0.9552057798913123
Eqb:  64 -1.9796930193165787 0.9898465096582894
Eqb:  96 -1.9999087633463861 0.9999543816731931
Eqb:  192 -2.0092542123389245 1.0046271061694623
  Production, CPU (0)
Fri Nov  7 16:00:26 2025
.......................................................................................................................................................................................
  Production, GPU (0)
Fri Nov  7 16:02:08 2025
...........................
  Equbriliation (1)
Fri Nov  7 16:02:09 2025
     steps    u    -0.5*u/beta
Eqb:  32 -1.9216161056232421 0.9608080528116211
Eqb:  64 -1.9731519509493107 0.9865759754746554
Eqb:  96 -1.977375612787796 0.988687806393898
Eqb:  128 -1.9875023463173167 0.9937511731586584
Eqb:  256 -1.9868762922661618 0.9934381461330809
  Production, CPU (1)
Fri Nov  7 16:02:09 2025
.......................................................................................................................................................................................
  Production, GPU (1)
Fri Nov  7 16:03:50 2025
...........................
  Equbriliation (2)
Fri Nov  7 16:03:50 2025
     steps    u    -0.5*u/beta
Eqb:  32 -1.90572530223959 0.952862651119795
Eqb:  64 -1.9684153275120226 0.9842076637560113
Eqb:  96 -1.9827561389039248 0.9913780694519624
Eqb:  192 -2.003237076582928 1.001618538291464
  Production, CPU (2)
Fri Nov  7 16:03:50 2025
.......................................................................................................................................................................................
  Production, GPU (2)
Fri Nov  7 16:05:32 2025
...........................
  Equbriliation (3)
Fri Nov  7 16:05:32 2025
     steps    u    -0.5*u/beta
Eqb:  32 -1.923261200596749 0.9616306002983745
Eqb:  64 -1.9870806590171368 0.9935403295085684
Eqb:  128 -1.9853436378965246 0.9926718189482623
  Production, CPU (3)
Fri Nov  7 16:05:32 2025
.......................................................................................................................................................................................
  Production, GPU (3)
Fri Nov  7 16:07:13 2025
...........................
  Save data to disk
             time  mean_squared_displacement  ...  particle_overlap  type_overlap
0        0.000027                   0.000000  ...          1.000000      1.000000
1        0.000054                   0.000000  ...          1.000000      1.000000
2        0.000081                   0.000000  ...          1.000000      1.000000
3        0.000109                   0.000014  ...          0.999986      0.999986
4        0.000136                   0.000027  ...          0.999973      0.999973
..            ...                        ...  ...               ...           ...
178   6961.262505                 264.609918  ...          0.001397      0.001397
179   7657.389025                 290.649211  ...          0.001200      0.001200
180   8423.128201                 318.982327  ...          0.001221      0.001221
181   9265.441298                 349.993598  ...          0.000956      0.000956
182  10191.985704                 384.601156  ...          0.000895      0.000895

[183 rows x 7 columns]
    time  mean_squared_displacement  ...  particle_overlap  type_overlap
0      1                   0.148234  ...          0.871216      0.000888
1      2                   0.257053  ...          0.807326      0.000875
2      3                   0.349284  ...          0.763916      0.000854
3      4                   0.432020  ...          0.729689      0.000800
4      5                   0.506415  ...          0.701735      0.000841
5      6                   0.578369  ...          0.678908      0.000888
6      7                   0.649319  ...          0.657471      0.000861
7      8                   0.716119  ...          0.638089      0.000916
8     10                   0.848334  ...          0.603095      0.000909
9     12                   0.967421  ...          0.574449      0.000841
10    14                   1.086792  ...          0.550273      0.000861
11    16                   1.201714  ...          0.526747      0.000888
12    19                   1.377848  ...          0.496589      0.000929
13    22                   1.546604  ...          0.470269      0.000916
14    25                   1.719062  ...          0.446126      0.000990
15    29                   1.927002  ...          0.418362      0.000902
16    33                   2.126533  ...          0.393209      0.000875
17    38                   2.385484  ...          0.366747      0.000882
18    43                   2.635118  ...          0.341722      0.000834
19    49                   2.909370  ...          0.317729      0.000807
20    55                   3.206950  ...          0.294637      0.000834
21    62                   3.550469  ...          0.272617      0.000834
22    70                   3.927219  ...          0.250543      0.000834
23    78                   4.310533  ...          0.230306      0.000854
24    87                   4.720378  ...          0.213087      0.000990
25    97                   5.177612  ...          0.195055      0.000916
26   108                   5.681369  ...          0.178338      0.001051

[27 rows x 7 columns]
Fri Nov  7 16:07:13 2025
  Done
Elapsed time: 408.31 seconds
            = 6.81 minutes
            = 0.11 hours
            = 0.00 days
            = 0.00 weeks
            = 0.00 months

